Perf Metrics Summary: mu
--------------------
mu/compile         bytes:     1520     usecs:      50.70
mu/core            bytes:     5808     usecs:     173.90
mu/gcd             bytes:      624     usecs:     178.00
mu/list            bytes:     5296     usecs:     136.60
mu/namespace       bytes:      240     usecs:       4.60
mu/number          bytes:     3600     usecs:      92.00
mu/reader          bytes:     5280     usecs:     119.40
mu/special-form    bytes:     2400     usecs:      72.40
mu/stream          bytes:      480     usecs:      14.90
mu/struct          bytes:      576     usecs:      14.90
mu/symbol          bytes:     1200     usecs:      32.20
mu/vector          bytes:     4456     usecs:     117.30

Perf Metrics Summary: frequent
--------------------
frequent/core      bytes:     9624     usecs:     785.60
frequent/fixnum    bytes:     1680     usecs:      42.10
frequent/float     bytes:     1200     usecs:      31.20
frequent/list      bytes:     2160     usecs:      56.90
frequent/vector    bytes:      240     usecs:       6.30

Perf Metrics Summary: prelude
--------------------
prelude/closure    bytes:    20904     usecs:   19761.80
prelude/compile    bytes:    38856     usecs:   37458.70
prelude/prelude    bytes:     4592     usecs:     362.50
prelude/exception  bytes:     6896     usecs:    6965.80
prelude/fixnum     bytes:     2000     usecs:     232.60
prelude/format     bytes:     6144     usecs:    8634.80
prelude/lambda     bytes:    97784     usecs:   94589.30
prelude/list       bytes:    20864     usecs:   12943.00
prelude/macro      bytes:    58416     usecs:   61798.90
prelude/reader     bytes:    15032     usecs:  153752.20
prelude/stream     bytes:      960     usecs:      88.50
prelude/string     bytes:     2160     usecs:     765.00
prelude/type       bytes:     8768     usecs:    8264.40
prelude/vector     bytes:     9472     usecs:    9417.20

