Namespace Test Summary:
-----------------------
mu         backquote      total: 37       pass: 36       fail: 1        exceptions: 0       
mu         compile        total: 8        pass: 8        fail: 0        exceptions: 0       
mu         core           total: 56       pass: 56       fail: 0        exceptions: 0       
mu         exception      total: 4        pass: 4        fail: 0        exceptions: 0       
mu         future         total: 9        pass: 9        fail: 0        exceptions: 0       
mu         list           total: 24       pass: 24       fail: 0        exceptions: 0       
mu         namespace      total: 11       pass: 11       fail: 0        exceptions: 0       
mu         number         total: 41       pass: 41       fail: 0        exceptions: 0       
mu         reader         total: 56       pass: 56       fail: 0        exceptions: 0       
mu         special-form   total: 11       pass: 11       fail: 0        exceptions: 0       
mu         stream         total: 9        pass: 9        fail: 0        exceptions: 0       
mu         struct         total: 7        pass: 7        fail: 0        exceptions: 0       
mu         symbol         total: 10       pass: 10       fail: 0        exceptions: 0       
mu         vector         total: 23       pass: 23       fail: 0        exceptions: 0       
-----------------------
mu                        total: 306      pass: 305      fail: 1        exceptions: 0         

Namespace Test Summary:
-----------------------
core       backquote      total: 37       pass: 25       fail: 10       exceptions: 2       
core       closure        total: 1        pass: 1        fail: 0        exceptions: 0       
core       compile        total: 22       pass: 22       fail: 0        exceptions: 0       
core       prelude        total: 15       pass: 15       fail: 0        exceptions: 0       
core       exception      total: 7        pass: 7        fail: 0        exceptions: 0       
core       format         total: 15       pass: 15       fail: 0        exceptions: 0       
core       lambda         total: 25       pass: 25       fail: 0        exceptions: 0       
core       list           total: 64       pass: 64       fail: 0        exceptions: 0       
core       macro          total: 13       pass: 13       fail: 0        exceptions: 0       
core       reader         total: 66       pass: 66       fail: 0        exceptions: 0       
core       stream         total: 4        pass: 4        fail: 0        exceptions: 0       
core       string         total: 2        pass: 2        fail: 0        exceptions: 0       
core       symbol         total: 3        pass: 3        fail: 0        exceptions: 0       
core       types          total: 42       pass: 42       fail: 0        exceptions: 0       
core       vector         total: 25       pass: 25       fail: 0        exceptions: 0       
-----------------------
core                      total: 341      pass: 329      fail: 10       exceptions: 2         

